test_data_tiles/t_r00_c00.jpg test_gt_tiles/t_r00_c00.png
test_data_tiles/t_r00_c01.jpg test_gt_tiles/t_r00_c01.png
test_data_tiles/t_r00_c02.jpg test_gt_tiles/t_r00_c02.png
test_data_tiles/t_r00_c03.jpg test_gt_tiles/t_r00_c03.png
test_data_tiles/t_r00_c04.jpg test_gt_tiles/t_r00_c04.png
test_data_tiles/t_r00_c05.jpg test_gt_tiles/t_r00_c05.png
test_data_tiles/t_r00_c06.jpg test_gt_tiles/t_r00_c06.png
test_data_tiles/t_r00_c07.jpg test_gt_tiles/t_r00_c07.png
test_data_tiles/t_r00_c08.jpg test_gt_tiles/t_r00_c08.png
test_data_tiles/t_r00_c09.jpg test_gt_tiles/t_r00_c09.png
test_data_tiles/t_r00_c10.jpg test_gt_tiles/t_r00_c10.png
test_data_tiles/t_r00_c11.jpg test_gt_tiles/t_r00_c11.png
test_data_tiles/t_r00_c12.jpg test_gt_tiles/t_r00_c12.png
test_data_tiles/t_r00_c13.jpg test_gt_tiles/t_r00_c13.png
test_data_tiles/t_r00_c14.jpg test_gt_tiles/t_r00_c14.png
test_data_tiles/t_r00_c15.jpg test_gt_tiles/t_r00_c15.png
test_data_tiles/t_r00_c16.jpg test_gt_tiles/t_r00_c16.png
test_data_tiles/t_r00_c17.jpg test_gt_tiles/t_r00_c17.png
test_data_tiles/t_r00_c18.jpg test_gt_tiles/t_r00_c18.png
test_data_tiles/t_r00_c19.jpg test_gt_tiles/t_r00_c19.png
test_data_tiles/t_r00_c20.jpg test_gt_tiles/t_r00_c20.png
test_data_tiles/t_r00_c21.jpg test_gt_tiles/t_r00_c21.png
test_data_tiles/t_r00_c22.jpg test_gt_tiles/t_r00_c22.png
test_data_tiles/t_r01_c00.jpg test_gt_tiles/t_r01_c00.png
test_data_tiles/t_r01_c01.jpg test_gt_tiles/t_r01_c01.png
test_data_tiles/t_r01_c02.jpg test_gt_tiles/t_r01_c02.png
test_data_tiles/t_r01_c03.jpg test_gt_tiles/t_r01_c03.png
test_data_tiles/t_r01_c04.jpg test_gt_tiles/t_r01_c04.png
test_data_tiles/t_r01_c05.jpg test_gt_tiles/t_r01_c05.png
test_data_tiles/t_r01_c06.jpg test_gt_tiles/t_r01_c06.png
test_data_tiles/t_r01_c07.jpg test_gt_tiles/t_r01_c07.png
test_data_tiles/t_r01_c08.jpg test_gt_tiles/t_r01_c08.png
test_data_tiles/t_r01_c09.jpg test_gt_tiles/t_r01_c09.png
test_data_tiles/t_r01_c10.jpg test_gt_tiles/t_r01_c10.png
test_data_tiles/t_r01_c11.jpg test_gt_tiles/t_r01_c11.png
test_data_tiles/t_r01_c12.jpg test_gt_tiles/t_r01_c12.png
test_data_tiles/t_r01_c13.jpg test_gt_tiles/t_r01_c13.png
test_data_tiles/t_r01_c14.jpg test_gt_tiles/t_r01_c14.png
test_data_tiles/t_r01_c15.jpg test_gt_tiles/t_r01_c15.png
test_data_tiles/t_r01_c16.jpg test_gt_tiles/t_r01_c16.png
test_data_tiles/t_r01_c17.jpg test_gt_tiles/t_r01_c17.png
test_data_tiles/t_r01_c18.jpg test_gt_tiles/t_r01_c18.png
test_data_tiles/t_r01_c19.jpg test_gt_tiles/t_r01_c19.png
test_data_tiles/t_r01_c20.jpg test_gt_tiles/t_r01_c20.png
test_data_tiles/t_r01_c21.jpg test_gt_tiles/t_r01_c21.png
test_data_tiles/t_r01_c22.jpg test_gt_tiles/t_r01_c22.png
test_data_tiles/t_r02_c00.jpg test_gt_tiles/t_r02_c00.png
test_data_tiles/t_r02_c01.jpg test_gt_tiles/t_r02_c01.png
test_data_tiles/t_r02_c02.jpg test_gt_tiles/t_r02_c02.png
test_data_tiles/t_r02_c03.jpg test_gt_tiles/t_r02_c03.png
test_data_tiles/t_r02_c04.jpg test_gt_tiles/t_r02_c04.png
test_data_tiles/t_r02_c05.jpg test_gt_tiles/t_r02_c05.png
test_data_tiles/t_r02_c06.jpg test_gt_tiles/t_r02_c06.png
test_data_tiles/t_r02_c07.jpg test_gt_tiles/t_r02_c07.png
test_data_tiles/t_r02_c08.jpg test_gt_tiles/t_r02_c08.png
test_data_tiles/t_r02_c09.jpg test_gt_tiles/t_r02_c09.png
test_data_tiles/t_r02_c10.jpg test_gt_tiles/t_r02_c10.png
test_data_tiles/t_r02_c11.jpg test_gt_tiles/t_r02_c11.png
test_data_tiles/t_r02_c12.jpg test_gt_tiles/t_r02_c12.png
test_data_tiles/t_r02_c13.jpg test_gt_tiles/t_r02_c13.png
test_data_tiles/t_r02_c14.jpg test_gt_tiles/t_r02_c14.png
test_data_tiles/t_r02_c15.jpg test_gt_tiles/t_r02_c15.png
test_data_tiles/t_r02_c16.jpg test_gt_tiles/t_r02_c16.png
test_data_tiles/t_r02_c17.jpg test_gt_tiles/t_r02_c17.png
test_data_tiles/t_r02_c18.jpg test_gt_tiles/t_r02_c18.png
test_data_tiles/t_r02_c19.jpg test_gt_tiles/t_r02_c19.png
test_data_tiles/t_r02_c20.jpg test_gt_tiles/t_r02_c20.png
test_data_tiles/t_r02_c21.jpg test_gt_tiles/t_r02_c21.png
test_data_tiles/t_r02_c22.jpg test_gt_tiles/t_r02_c22.png
test_data_tiles/t_r03_c00.jpg test_gt_tiles/t_r03_c00.png
test_data_tiles/t_r03_c01.jpg test_gt_tiles/t_r03_c01.png
test_data_tiles/t_r03_c02.jpg test_gt_tiles/t_r03_c02.png
test_data_tiles/t_r03_c03.jpg test_gt_tiles/t_r03_c03.png
test_data_tiles/t_r03_c04.jpg test_gt_tiles/t_r03_c04.png
test_data_tiles/t_r03_c05.jpg test_gt_tiles/t_r03_c05.png
test_data_tiles/t_r03_c06.jpg test_gt_tiles/t_r03_c06.png
test_data_tiles/t_r03_c07.jpg test_gt_tiles/t_r03_c07.png
test_data_tiles/t_r03_c08.jpg test_gt_tiles/t_r03_c08.png
test_data_tiles/t_r03_c09.jpg test_gt_tiles/t_r03_c09.png
test_data_tiles/t_r03_c10.jpg test_gt_tiles/t_r03_c10.png
test_data_tiles/t_r03_c11.jpg test_gt_tiles/t_r03_c11.png
test_data_tiles/t_r03_c12.jpg test_gt_tiles/t_r03_c12.png
test_data_tiles/t_r03_c13.jpg test_gt_tiles/t_r03_c13.png
test_data_tiles/t_r03_c14.jpg test_gt_tiles/t_r03_c14.png
test_data_tiles/t_r03_c15.jpg test_gt_tiles/t_r03_c15.png
test_data_tiles/t_r03_c16.jpg test_gt_tiles/t_r03_c16.png
test_data_tiles/t_r03_c17.jpg test_gt_tiles/t_r03_c17.png
test_data_tiles/t_r03_c18.jpg test_gt_tiles/t_r03_c18.png
test_data_tiles/t_r03_c19.jpg test_gt_tiles/t_r03_c19.png
test_data_tiles/t_r03_c20.jpg test_gt_tiles/t_r03_c20.png
test_data_tiles/t_r03_c21.jpg test_gt_tiles/t_r03_c21.png
test_data_tiles/t_r03_c22.jpg test_gt_tiles/t_r03_c22.png
test_data_tiles/t_r04_c00.jpg test_gt_tiles/t_r04_c00.png
test_data_tiles/t_r04_c01.jpg test_gt_tiles/t_r04_c01.png
test_data_tiles/t_r04_c02.jpg test_gt_tiles/t_r04_c02.png
test_data_tiles/t_r04_c03.jpg test_gt_tiles/t_r04_c03.png
test_data_tiles/t_r04_c04.jpg test_gt_tiles/t_r04_c04.png
test_data_tiles/t_r04_c05.jpg test_gt_tiles/t_r04_c05.png
test_data_tiles/t_r04_c06.jpg test_gt_tiles/t_r04_c06.png
test_data_tiles/t_r04_c07.jpg test_gt_tiles/t_r04_c07.png
test_data_tiles/t_r04_c08.jpg test_gt_tiles/t_r04_c08.png
test_data_tiles/t_r04_c09.jpg test_gt_tiles/t_r04_c09.png
test_data_tiles/t_r04_c10.jpg test_gt_tiles/t_r04_c10.png
test_data_tiles/t_r04_c11.jpg test_gt_tiles/t_r04_c11.png
test_data_tiles/t_r04_c12.jpg test_gt_tiles/t_r04_c12.png
test_data_tiles/t_r04_c13.jpg test_gt_tiles/t_r04_c13.png
test_data_tiles/t_r04_c14.jpg test_gt_tiles/t_r04_c14.png
test_data_tiles/t_r04_c15.jpg test_gt_tiles/t_r04_c15.png
test_data_tiles/t_r04_c16.jpg test_gt_tiles/t_r04_c16.png
test_data_tiles/t_r04_c17.jpg test_gt_tiles/t_r04_c17.png
test_data_tiles/t_r04_c18.jpg test_gt_tiles/t_r04_c18.png
test_data_tiles/t_r04_c19.jpg test_gt_tiles/t_r04_c19.png
test_data_tiles/t_r04_c20.jpg test_gt_tiles/t_r04_c20.png
test_data_tiles/t_r04_c21.jpg test_gt_tiles/t_r04_c21.png
test_data_tiles/t_r04_c22.jpg test_gt_tiles/t_r04_c22.png
test_data_tiles/t_r05_c00.jpg test_gt_tiles/t_r05_c00.png
test_data_tiles/t_r05_c01.jpg test_gt_tiles/t_r05_c01.png
test_data_tiles/t_r05_c02.jpg test_gt_tiles/t_r05_c02.png
test_data_tiles/t_r05_c03.jpg test_gt_tiles/t_r05_c03.png
test_data_tiles/t_r05_c04.jpg test_gt_tiles/t_r05_c04.png
test_data_tiles/t_r05_c05.jpg test_gt_tiles/t_r05_c05.png
test_data_tiles/t_r05_c06.jpg test_gt_tiles/t_r05_c06.png
test_data_tiles/t_r05_c07.jpg test_gt_tiles/t_r05_c07.png
test_data_tiles/t_r05_c08.jpg test_gt_tiles/t_r05_c08.png
test_data_tiles/t_r05_c09.jpg test_gt_tiles/t_r05_c09.png
test_data_tiles/t_r05_c10.jpg test_gt_tiles/t_r05_c10.png
test_data_tiles/t_r05_c11.jpg test_gt_tiles/t_r05_c11.png
test_data_tiles/t_r05_c12.jpg test_gt_tiles/t_r05_c12.png
test_data_tiles/t_r05_c13.jpg test_gt_tiles/t_r05_c13.png
test_data_tiles/t_r05_c14.jpg test_gt_tiles/t_r05_c14.png
test_data_tiles/t_r05_c15.jpg test_gt_tiles/t_r05_c15.png
test_data_tiles/t_r05_c16.jpg test_gt_tiles/t_r05_c16.png
test_data_tiles/t_r05_c17.jpg test_gt_tiles/t_r05_c17.png
test_data_tiles/t_r05_c18.jpg test_gt_tiles/t_r05_c18.png
test_data_tiles/t_r05_c19.jpg test_gt_tiles/t_r05_c19.png
test_data_tiles/t_r05_c20.jpg test_gt_tiles/t_r05_c20.png
test_data_tiles/t_r05_c21.jpg test_gt_tiles/t_r05_c21.png
test_data_tiles/t_r05_c22.jpg test_gt_tiles/t_r05_c22.png
test_data_tiles/t_r06_c00.jpg test_gt_tiles/t_r06_c00.png
test_data_tiles/t_r06_c01.jpg test_gt_tiles/t_r06_c01.png
test_data_tiles/t_r06_c02.jpg test_gt_tiles/t_r06_c02.png
test_data_tiles/t_r06_c03.jpg test_gt_tiles/t_r06_c03.png
test_data_tiles/t_r06_c04.jpg test_gt_tiles/t_r06_c04.png
test_data_tiles/t_r06_c05.jpg test_gt_tiles/t_r06_c05.png
test_data_tiles/t_r06_c06.jpg test_gt_tiles/t_r06_c06.png
test_data_tiles/t_r06_c07.jpg test_gt_tiles/t_r06_c07.png
test_data_tiles/t_r06_c08.jpg test_gt_tiles/t_r06_c08.png
test_data_tiles/t_r06_c09.jpg test_gt_tiles/t_r06_c09.png
test_data_tiles/t_r06_c10.jpg test_gt_tiles/t_r06_c10.png
test_data_tiles/t_r06_c11.jpg test_gt_tiles/t_r06_c11.png
test_data_tiles/t_r06_c12.jpg test_gt_tiles/t_r06_c12.png
test_data_tiles/t_r06_c13.jpg test_gt_tiles/t_r06_c13.png
test_data_tiles/t_r06_c14.jpg test_gt_tiles/t_r06_c14.png
test_data_tiles/t_r06_c15.jpg test_gt_tiles/t_r06_c15.png
test_data_tiles/t_r06_c16.jpg test_gt_tiles/t_r06_c16.png
test_data_tiles/t_r06_c17.jpg test_gt_tiles/t_r06_c17.png
test_data_tiles/t_r06_c18.jpg test_gt_tiles/t_r06_c18.png
test_data_tiles/t_r06_c19.jpg test_gt_tiles/t_r06_c19.png
test_data_tiles/t_r06_c20.jpg test_gt_tiles/t_r06_c20.png
test_data_tiles/t_r06_c21.jpg test_gt_tiles/t_r06_c21.png
test_data_tiles/t_r06_c22.jpg test_gt_tiles/t_r06_c22.png
test_data_tiles/t_r07_c00.jpg test_gt_tiles/t_r07_c00.png
test_data_tiles/t_r07_c01.jpg test_gt_tiles/t_r07_c01.png
test_data_tiles/t_r07_c02.jpg test_gt_tiles/t_r07_c02.png
test_data_tiles/t_r07_c03.jpg test_gt_tiles/t_r07_c03.png
test_data_tiles/t_r07_c04.jpg test_gt_tiles/t_r07_c04.png
test_data_tiles/t_r07_c05.jpg test_gt_tiles/t_r07_c05.png
test_data_tiles/t_r07_c06.jpg test_gt_tiles/t_r07_c06.png
test_data_tiles/t_r07_c07.jpg test_gt_tiles/t_r07_c07.png
test_data_tiles/t_r07_c08.jpg test_gt_tiles/t_r07_c08.png
test_data_tiles/t_r07_c09.jpg test_gt_tiles/t_r07_c09.png
test_data_tiles/t_r07_c10.jpg test_gt_tiles/t_r07_c10.png
test_data_tiles/t_r07_c11.jpg test_gt_tiles/t_r07_c11.png
test_data_tiles/t_r07_c12.jpg test_gt_tiles/t_r07_c12.png
test_data_tiles/t_r07_c13.jpg test_gt_tiles/t_r07_c13.png
test_data_tiles/t_r07_c14.jpg test_gt_tiles/t_r07_c14.png
test_data_tiles/t_r07_c15.jpg test_gt_tiles/t_r07_c15.png
test_data_tiles/t_r07_c16.jpg test_gt_tiles/t_r07_c16.png
test_data_tiles/t_r07_c17.jpg test_gt_tiles/t_r07_c17.png
test_data_tiles/t_r07_c18.jpg test_gt_tiles/t_r07_c18.png
test_data_tiles/t_r07_c19.jpg test_gt_tiles/t_r07_c19.png
test_data_tiles/t_r07_c20.jpg test_gt_tiles/t_r07_c20.png
test_data_tiles/t_r07_c21.jpg test_gt_tiles/t_r07_c21.png
test_data_tiles/t_r07_c22.jpg test_gt_tiles/t_r07_c22.png
test_data_tiles/t_r08_c00.jpg test_gt_tiles/t_r08_c00.png
test_data_tiles/t_r08_c01.jpg test_gt_tiles/t_r08_c01.png
test_data_tiles/t_r08_c02.jpg test_gt_tiles/t_r08_c02.png
test_data_tiles/t_r08_c03.jpg test_gt_tiles/t_r08_c03.png
test_data_tiles/t_r08_c04.jpg test_gt_tiles/t_r08_c04.png
test_data_tiles/t_r08_c05.jpg test_gt_tiles/t_r08_c05.png
test_data_tiles/t_r08_c06.jpg test_gt_tiles/t_r08_c06.png
test_data_tiles/t_r08_c07.jpg test_gt_tiles/t_r08_c07.png
test_data_tiles/t_r08_c08.jpg test_gt_tiles/t_r08_c08.png
test_data_tiles/t_r08_c09.jpg test_gt_tiles/t_r08_c09.png
test_data_tiles/t_r08_c10.jpg test_gt_tiles/t_r08_c10.png
test_data_tiles/t_r08_c11.jpg test_gt_tiles/t_r08_c11.png
test_data_tiles/t_r08_c12.jpg test_gt_tiles/t_r08_c12.png
test_data_tiles/t_r08_c13.jpg test_gt_tiles/t_r08_c13.png
test_data_tiles/t_r08_c14.jpg test_gt_tiles/t_r08_c14.png
test_data_tiles/t_r08_c15.jpg test_gt_tiles/t_r08_c15.png
test_data_tiles/t_r08_c16.jpg test_gt_tiles/t_r08_c16.png
test_data_tiles/t_r08_c17.jpg test_gt_tiles/t_r08_c17.png
test_data_tiles/t_r08_c18.jpg test_gt_tiles/t_r08_c18.png
test_data_tiles/t_r08_c19.jpg test_gt_tiles/t_r08_c19.png
test_data_tiles/t_r08_c20.jpg test_gt_tiles/t_r08_c20.png
test_data_tiles/t_r08_c21.jpg test_gt_tiles/t_r08_c21.png
test_data_tiles/t_r08_c22.jpg test_gt_tiles/t_r08_c22.png
test_data_tiles/t_r09_c00.jpg test_gt_tiles/t_r09_c00.png
test_data_tiles/t_r09_c01.jpg test_gt_tiles/t_r09_c01.png
test_data_tiles/t_r09_c02.jpg test_gt_tiles/t_r09_c02.png
test_data_tiles/t_r09_c03.jpg test_gt_tiles/t_r09_c03.png
test_data_tiles/t_r09_c04.jpg test_gt_tiles/t_r09_c04.png
test_data_tiles/t_r09_c05.jpg test_gt_tiles/t_r09_c05.png
test_data_tiles/t_r09_c06.jpg test_gt_tiles/t_r09_c06.png
test_data_tiles/t_r09_c07.jpg test_gt_tiles/t_r09_c07.png
test_data_tiles/t_r09_c08.jpg test_gt_tiles/t_r09_c08.png
test_data_tiles/t_r09_c09.jpg test_gt_tiles/t_r09_c09.png
test_data_tiles/t_r09_c10.jpg test_gt_tiles/t_r09_c10.png
test_data_tiles/t_r09_c11.jpg test_gt_tiles/t_r09_c11.png
test_data_tiles/t_r09_c12.jpg test_gt_tiles/t_r09_c12.png
test_data_tiles/t_r09_c13.jpg test_gt_tiles/t_r09_c13.png
test_data_tiles/t_r09_c14.jpg test_gt_tiles/t_r09_c14.png
test_data_tiles/t_r09_c15.jpg test_gt_tiles/t_r09_c15.png
test_data_tiles/t_r09_c16.jpg test_gt_tiles/t_r09_c16.png
test_data_tiles/t_r09_c17.jpg test_gt_tiles/t_r09_c17.png
test_data_tiles/t_r09_c18.jpg test_gt_tiles/t_r09_c18.png
test_data_tiles/t_r09_c19.jpg test_gt_tiles/t_r09_c19.png
test_data_tiles/t_r09_c20.jpg test_gt_tiles/t_r09_c20.png
test_data_tiles/t_r09_c21.jpg test_gt_tiles/t_r09_c21.png
test_data_tiles/t_r09_c22.jpg test_gt_tiles/t_r09_c22.png
test_data_tiles/t_r10_c00.jpg test_gt_tiles/t_r10_c00.png
test_data_tiles/t_r10_c01.jpg test_gt_tiles/t_r10_c01.png
test_data_tiles/t_r10_c02.jpg test_gt_tiles/t_r10_c02.png
test_data_tiles/t_r10_c03.jpg test_gt_tiles/t_r10_c03.png
test_data_tiles/t_r10_c04.jpg test_gt_tiles/t_r10_c04.png
test_data_tiles/t_r10_c05.jpg test_gt_tiles/t_r10_c05.png
test_data_tiles/t_r10_c06.jpg test_gt_tiles/t_r10_c06.png
test_data_tiles/t_r10_c07.jpg test_gt_tiles/t_r10_c07.png
test_data_tiles/t_r10_c08.jpg test_gt_tiles/t_r10_c08.png
test_data_tiles/t_r10_c09.jpg test_gt_tiles/t_r10_c09.png
test_data_tiles/t_r10_c10.jpg test_gt_tiles/t_r10_c10.png
test_data_tiles/t_r10_c11.jpg test_gt_tiles/t_r10_c11.png
test_data_tiles/t_r10_c12.jpg test_gt_tiles/t_r10_c12.png
test_data_tiles/t_r10_c13.jpg test_gt_tiles/t_r10_c13.png
test_data_tiles/t_r10_c14.jpg test_gt_tiles/t_r10_c14.png
test_data_tiles/t_r10_c15.jpg test_gt_tiles/t_r10_c15.png
test_data_tiles/t_r10_c16.jpg test_gt_tiles/t_r10_c16.png
test_data_tiles/t_r10_c17.jpg test_gt_tiles/t_r10_c17.png
test_data_tiles/t_r10_c18.jpg test_gt_tiles/t_r10_c18.png
test_data_tiles/t_r10_c19.jpg test_gt_tiles/t_r10_c19.png
test_data_tiles/t_r10_c20.jpg test_gt_tiles/t_r10_c20.png
test_data_tiles/t_r10_c21.jpg test_gt_tiles/t_r10_c21.png
test_data_tiles/t_r10_c22.jpg test_gt_tiles/t_r10_c22.png
test_data_tiles/t_r11_c00.jpg test_gt_tiles/t_r11_c00.png
test_data_tiles/t_r11_c01.jpg test_gt_tiles/t_r11_c01.png
test_data_tiles/t_r11_c02.jpg test_gt_tiles/t_r11_c02.png
test_data_tiles/t_r11_c03.jpg test_gt_tiles/t_r11_c03.png
test_data_tiles/t_r11_c04.jpg test_gt_tiles/t_r11_c04.png
test_data_tiles/t_r11_c05.jpg test_gt_tiles/t_r11_c05.png
test_data_tiles/t_r11_c06.jpg test_gt_tiles/t_r11_c06.png
test_data_tiles/t_r11_c07.jpg test_gt_tiles/t_r11_c07.png
test_data_tiles/t_r11_c08.jpg test_gt_tiles/t_r11_c08.png
test_data_tiles/t_r11_c09.jpg test_gt_tiles/t_r11_c09.png
test_data_tiles/t_r11_c10.jpg test_gt_tiles/t_r11_c10.png
test_data_tiles/t_r11_c11.jpg test_gt_tiles/t_r11_c11.png
test_data_tiles/t_r11_c12.jpg test_gt_tiles/t_r11_c12.png
test_data_tiles/t_r11_c13.jpg test_gt_tiles/t_r11_c13.png
test_data_tiles/t_r11_c14.jpg test_gt_tiles/t_r11_c14.png
test_data_tiles/t_r11_c15.jpg test_gt_tiles/t_r11_c15.png
test_data_tiles/t_r11_c16.jpg test_gt_tiles/t_r11_c16.png
test_data_tiles/t_r11_c17.jpg test_gt_tiles/t_r11_c17.png
test_data_tiles/t_r11_c18.jpg test_gt_tiles/t_r11_c18.png
test_data_tiles/t_r11_c19.jpg test_gt_tiles/t_r11_c19.png
test_data_tiles/t_r11_c20.jpg test_gt_tiles/t_r11_c20.png
test_data_tiles/t_r11_c21.jpg test_gt_tiles/t_r11_c21.png
test_data_tiles/t_r11_c22.jpg test_gt_tiles/t_r11_c22.png
test_data_tiles/t_r12_c00.jpg test_gt_tiles/t_r12_c00.png
test_data_tiles/t_r12_c01.jpg test_gt_tiles/t_r12_c01.png
test_data_tiles/t_r12_c02.jpg test_gt_tiles/t_r12_c02.png
test_data_tiles/t_r12_c03.jpg test_gt_tiles/t_r12_c03.png
test_data_tiles/t_r12_c04.jpg test_gt_tiles/t_r12_c04.png
test_data_tiles/t_r12_c05.jpg test_gt_tiles/t_r12_c05.png
test_data_tiles/t_r12_c06.jpg test_gt_tiles/t_r12_c06.png
test_data_tiles/t_r12_c07.jpg test_gt_tiles/t_r12_c07.png
test_data_tiles/t_r12_c08.jpg test_gt_tiles/t_r12_c08.png
test_data_tiles/t_r12_c09.jpg test_gt_tiles/t_r12_c09.png
test_data_tiles/t_r12_c10.jpg test_gt_tiles/t_r12_c10.png
test_data_tiles/t_r12_c11.jpg test_gt_tiles/t_r12_c11.png
test_data_tiles/t_r12_c12.jpg test_gt_tiles/t_r12_c12.png
test_data_tiles/t_r12_c13.jpg test_gt_tiles/t_r12_c13.png
test_data_tiles/t_r12_c14.jpg test_gt_tiles/t_r12_c14.png
test_data_tiles/t_r12_c15.jpg test_gt_tiles/t_r12_c15.png
test_data_tiles/t_r12_c16.jpg test_gt_tiles/t_r12_c16.png
test_data_tiles/t_r12_c17.jpg test_gt_tiles/t_r12_c17.png
test_data_tiles/t_r12_c18.jpg test_gt_tiles/t_r12_c18.png
test_data_tiles/t_r12_c19.jpg test_gt_tiles/t_r12_c19.png
test_data_tiles/t_r12_c20.jpg test_gt_tiles/t_r12_c20.png
test_data_tiles/t_r12_c21.jpg test_gt_tiles/t_r12_c21.png
test_data_tiles/t_r12_c22.jpg test_gt_tiles/t_r12_c22.png
test_data_tiles/t_r13_c00.jpg test_gt_tiles/t_r13_c00.png
test_data_tiles/t_r13_c01.jpg test_gt_tiles/t_r13_c01.png
test_data_tiles/t_r13_c02.jpg test_gt_tiles/t_r13_c02.png
test_data_tiles/t_r13_c03.jpg test_gt_tiles/t_r13_c03.png
test_data_tiles/t_r13_c04.jpg test_gt_tiles/t_r13_c04.png
test_data_tiles/t_r13_c05.jpg test_gt_tiles/t_r13_c05.png
test_data_tiles/t_r13_c06.jpg test_gt_tiles/t_r13_c06.png
test_data_tiles/t_r13_c07.jpg test_gt_tiles/t_r13_c07.png
test_data_tiles/t_r13_c08.jpg test_gt_tiles/t_r13_c08.png
test_data_tiles/t_r13_c09.jpg test_gt_tiles/t_r13_c09.png
test_data_tiles/t_r13_c10.jpg test_gt_tiles/t_r13_c10.png
test_data_tiles/t_r13_c11.jpg test_gt_tiles/t_r13_c11.png
test_data_tiles/t_r13_c12.jpg test_gt_tiles/t_r13_c12.png
test_data_tiles/t_r13_c13.jpg test_gt_tiles/t_r13_c13.png
test_data_tiles/t_r13_c14.jpg test_gt_tiles/t_r13_c14.png
test_data_tiles/t_r13_c15.jpg test_gt_tiles/t_r13_c15.png
test_data_tiles/t_r13_c16.jpg test_gt_tiles/t_r13_c16.png
test_data_tiles/t_r13_c17.jpg test_gt_tiles/t_r13_c17.png
test_data_tiles/t_r13_c18.jpg test_gt_tiles/t_r13_c18.png
test_data_tiles/t_r13_c19.jpg test_gt_tiles/t_r13_c19.png
test_data_tiles/t_r13_c20.jpg test_gt_tiles/t_r13_c20.png
test_data_tiles/t_r13_c21.jpg test_gt_tiles/t_r13_c21.png
test_data_tiles/t_r13_c22.jpg test_gt_tiles/t_r13_c22.png
test_data_tiles/t_r14_c00.jpg test_gt_tiles/t_r14_c00.png
test_data_tiles/t_r14_c01.jpg test_gt_tiles/t_r14_c01.png
test_data_tiles/t_r14_c02.jpg test_gt_tiles/t_r14_c02.png
test_data_tiles/t_r14_c03.jpg test_gt_tiles/t_r14_c03.png
test_data_tiles/t_r14_c04.jpg test_gt_tiles/t_r14_c04.png
test_data_tiles/t_r14_c05.jpg test_gt_tiles/t_r14_c05.png
test_data_tiles/t_r14_c06.jpg test_gt_tiles/t_r14_c06.png
test_data_tiles/t_r14_c07.jpg test_gt_tiles/t_r14_c07.png
test_data_tiles/t_r14_c08.jpg test_gt_tiles/t_r14_c08.png
test_data_tiles/t_r14_c09.jpg test_gt_tiles/t_r14_c09.png
test_data_tiles/t_r14_c10.jpg test_gt_tiles/t_r14_c10.png
test_data_tiles/t_r14_c11.jpg test_gt_tiles/t_r14_c11.png
test_data_tiles/t_r14_c12.jpg test_gt_tiles/t_r14_c12.png
test_data_tiles/t_r14_c13.jpg test_gt_tiles/t_r14_c13.png
test_data_tiles/t_r14_c14.jpg test_gt_tiles/t_r14_c14.png
test_data_tiles/t_r14_c15.jpg test_gt_tiles/t_r14_c15.png
test_data_tiles/t_r14_c16.jpg test_gt_tiles/t_r14_c16.png
test_data_tiles/t_r14_c17.jpg test_gt_tiles/t_r14_c17.png
test_data_tiles/t_r14_c18.jpg test_gt_tiles/t_r14_c18.png
test_data_tiles/t_r14_c19.jpg test_gt_tiles/t_r14_c19.png
test_data_tiles/t_r14_c20.jpg test_gt_tiles/t_r14_c20.png
test_data_tiles/t_r14_c21.jpg test_gt_tiles/t_r14_c21.png
test_data_tiles/t_r14_c22.jpg test_gt_tiles/t_r14_c22.png
test_data_tiles/t_r15_c00.jpg test_gt_tiles/t_r15_c00.png
test_data_tiles/t_r15_c01.jpg test_gt_tiles/t_r15_c01.png
test_data_tiles/t_r15_c02.jpg test_gt_tiles/t_r15_c02.png
test_data_tiles/t_r15_c03.jpg test_gt_tiles/t_r15_c03.png
test_data_tiles/t_r15_c04.jpg test_gt_tiles/t_r15_c04.png
test_data_tiles/t_r15_c05.jpg test_gt_tiles/t_r15_c05.png
test_data_tiles/t_r15_c06.jpg test_gt_tiles/t_r15_c06.png
test_data_tiles/t_r15_c07.jpg test_gt_tiles/t_r15_c07.png
test_data_tiles/t_r15_c08.jpg test_gt_tiles/t_r15_c08.png
test_data_tiles/t_r15_c09.jpg test_gt_tiles/t_r15_c09.png
test_data_tiles/t_r15_c10.jpg test_gt_tiles/t_r15_c10.png
test_data_tiles/t_r15_c11.jpg test_gt_tiles/t_r15_c11.png
test_data_tiles/t_r15_c12.jpg test_gt_tiles/t_r15_c12.png
test_data_tiles/t_r15_c13.jpg test_gt_tiles/t_r15_c13.png
test_data_tiles/t_r15_c14.jpg test_gt_tiles/t_r15_c14.png
test_data_tiles/t_r15_c15.jpg test_gt_tiles/t_r15_c15.png
test_data_tiles/t_r15_c16.jpg test_gt_tiles/t_r15_c16.png
test_data_tiles/t_r15_c17.jpg test_gt_tiles/t_r15_c17.png
test_data_tiles/t_r15_c18.jpg test_gt_tiles/t_r15_c18.png
test_data_tiles/t_r15_c19.jpg test_gt_tiles/t_r15_c19.png
test_data_tiles/t_r15_c20.jpg test_gt_tiles/t_r15_c20.png
test_data_tiles/t_r15_c21.jpg test_gt_tiles/t_r15_c21.png
test_data_tiles/t_r15_c22.jpg test_gt_tiles/t_r15_c22.png
test_data_tiles/t_r16_c00.jpg test_gt_tiles/t_r16_c00.png
test_data_tiles/t_r16_c01.jpg test_gt_tiles/t_r16_c01.png
test_data_tiles/t_r16_c02.jpg test_gt_tiles/t_r16_c02.png
test_data_tiles/t_r16_c03.jpg test_gt_tiles/t_r16_c03.png
test_data_tiles/t_r16_c04.jpg test_gt_tiles/t_r16_c04.png
test_data_tiles/t_r16_c05.jpg test_gt_tiles/t_r16_c05.png
test_data_tiles/t_r16_c06.jpg test_gt_tiles/t_r16_c06.png
test_data_tiles/t_r16_c07.jpg test_gt_tiles/t_r16_c07.png
test_data_tiles/t_r16_c08.jpg test_gt_tiles/t_r16_c08.png
test_data_tiles/t_r16_c09.jpg test_gt_tiles/t_r16_c09.png
test_data_tiles/t_r16_c10.jpg test_gt_tiles/t_r16_c10.png
test_data_tiles/t_r16_c11.jpg test_gt_tiles/t_r16_c11.png
test_data_tiles/t_r16_c12.jpg test_gt_tiles/t_r16_c12.png
test_data_tiles/t_r16_c13.jpg test_gt_tiles/t_r16_c13.png
test_data_tiles/t_r16_c14.jpg test_gt_tiles/t_r16_c14.png
test_data_tiles/t_r16_c15.jpg test_gt_tiles/t_r16_c15.png
test_data_tiles/t_r16_c16.jpg test_gt_tiles/t_r16_c16.png
test_data_tiles/t_r16_c17.jpg test_gt_tiles/t_r16_c17.png
test_data_tiles/t_r16_c18.jpg test_gt_tiles/t_r16_c18.png
test_data_tiles/t_r16_c19.jpg test_gt_tiles/t_r16_c19.png
test_data_tiles/t_r16_c20.jpg test_gt_tiles/t_r16_c20.png
test_data_tiles/t_r16_c21.jpg test_gt_tiles/t_r16_c21.png
test_data_tiles/t_r16_c22.jpg test_gt_tiles/t_r16_c22.png
test_data_tiles/t_r17_c00.jpg test_gt_tiles/t_r17_c00.png
test_data_tiles/t_r17_c01.jpg test_gt_tiles/t_r17_c01.png
test_data_tiles/t_r17_c02.jpg test_gt_tiles/t_r17_c02.png
test_data_tiles/t_r17_c03.jpg test_gt_tiles/t_r17_c03.png
test_data_tiles/t_r17_c04.jpg test_gt_tiles/t_r17_c04.png
test_data_tiles/t_r17_c05.jpg test_gt_tiles/t_r17_c05.png
test_data_tiles/t_r17_c06.jpg test_gt_tiles/t_r17_c06.png
test_data_tiles/t_r17_c07.jpg test_gt_tiles/t_r17_c07.png
test_data_tiles/t_r17_c08.jpg test_gt_tiles/t_r17_c08.png
test_data_tiles/t_r17_c09.jpg test_gt_tiles/t_r17_c09.png
test_data_tiles/t_r17_c10.jpg test_gt_tiles/t_r17_c10.png
test_data_tiles/t_r17_c11.jpg test_gt_tiles/t_r17_c11.png
test_data_tiles/t_r17_c12.jpg test_gt_tiles/t_r17_c12.png
test_data_tiles/t_r17_c13.jpg test_gt_tiles/t_r17_c13.png
test_data_tiles/t_r17_c14.jpg test_gt_tiles/t_r17_c14.png
test_data_tiles/t_r17_c15.jpg test_gt_tiles/t_r17_c15.png
test_data_tiles/t_r17_c16.jpg test_gt_tiles/t_r17_c16.png
test_data_tiles/t_r17_c17.jpg test_gt_tiles/t_r17_c17.png
test_data_tiles/t_r17_c18.jpg test_gt_tiles/t_r17_c18.png
test_data_tiles/t_r17_c19.jpg test_gt_tiles/t_r17_c19.png
test_data_tiles/t_r17_c20.jpg test_gt_tiles/t_r17_c20.png
test_data_tiles/t_r17_c21.jpg test_gt_tiles/t_r17_c21.png
test_data_tiles/t_r17_c22.jpg test_gt_tiles/t_r17_c22.png
test_data_tiles/t_r18_c00.jpg test_gt_tiles/t_r18_c00.png
test_data_tiles/t_r18_c01.jpg test_gt_tiles/t_r18_c01.png
test_data_tiles/t_r18_c02.jpg test_gt_tiles/t_r18_c02.png
test_data_tiles/t_r18_c03.jpg test_gt_tiles/t_r18_c03.png
test_data_tiles/t_r18_c04.jpg test_gt_tiles/t_r18_c04.png
test_data_tiles/t_r18_c05.jpg test_gt_tiles/t_r18_c05.png
test_data_tiles/t_r18_c06.jpg test_gt_tiles/t_r18_c06.png
test_data_tiles/t_r18_c07.jpg test_gt_tiles/t_r18_c07.png
test_data_tiles/t_r18_c08.jpg test_gt_tiles/t_r18_c08.png
test_data_tiles/t_r18_c09.jpg test_gt_tiles/t_r18_c09.png
test_data_tiles/t_r18_c10.jpg test_gt_tiles/t_r18_c10.png
test_data_tiles/t_r18_c11.jpg test_gt_tiles/t_r18_c11.png
test_data_tiles/t_r18_c12.jpg test_gt_tiles/t_r18_c12.png
test_data_tiles/t_r18_c13.jpg test_gt_tiles/t_r18_c13.png
test_data_tiles/t_r18_c14.jpg test_gt_tiles/t_r18_c14.png
test_data_tiles/t_r18_c15.jpg test_gt_tiles/t_r18_c15.png
test_data_tiles/t_r18_c16.jpg test_gt_tiles/t_r18_c16.png
test_data_tiles/t_r18_c17.jpg test_gt_tiles/t_r18_c17.png
test_data_tiles/t_r18_c18.jpg test_gt_tiles/t_r18_c18.png
test_data_tiles/t_r18_c19.jpg test_gt_tiles/t_r18_c19.png
test_data_tiles/t_r18_c20.jpg test_gt_tiles/t_r18_c20.png
test_data_tiles/t_r18_c21.jpg test_gt_tiles/t_r18_c21.png
test_data_tiles/t_r18_c22.jpg test_gt_tiles/t_r18_c22.png
test_data_tiles/t_r19_c00.jpg test_gt_tiles/t_r19_c00.png
test_data_tiles/t_r19_c01.jpg test_gt_tiles/t_r19_c01.png
test_data_tiles/t_r19_c02.jpg test_gt_tiles/t_r19_c02.png
test_data_tiles/t_r19_c03.jpg test_gt_tiles/t_r19_c03.png
test_data_tiles/t_r19_c04.jpg test_gt_tiles/t_r19_c04.png
test_data_tiles/t_r19_c05.jpg test_gt_tiles/t_r19_c05.png
test_data_tiles/t_r19_c06.jpg test_gt_tiles/t_r19_c06.png
test_data_tiles/t_r19_c07.jpg test_gt_tiles/t_r19_c07.png
test_data_tiles/t_r19_c08.jpg test_gt_tiles/t_r19_c08.png
test_data_tiles/t_r19_c09.jpg test_gt_tiles/t_r19_c09.png
test_data_tiles/t_r19_c10.jpg test_gt_tiles/t_r19_c10.png
test_data_tiles/t_r19_c11.jpg test_gt_tiles/t_r19_c11.png
test_data_tiles/t_r19_c12.jpg test_gt_tiles/t_r19_c12.png
test_data_tiles/t_r19_c13.jpg test_gt_tiles/t_r19_c13.png
test_data_tiles/t_r19_c14.jpg test_gt_tiles/t_r19_c14.png
test_data_tiles/t_r19_c15.jpg test_gt_tiles/t_r19_c15.png
test_data_tiles/t_r19_c16.jpg test_gt_tiles/t_r19_c16.png
test_data_tiles/t_r19_c17.jpg test_gt_tiles/t_r19_c17.png
test_data_tiles/t_r19_c18.jpg test_gt_tiles/t_r19_c18.png
test_data_tiles/t_r19_c19.jpg test_gt_tiles/t_r19_c19.png
test_data_tiles/t_r19_c20.jpg test_gt_tiles/t_r19_c20.png
test_data_tiles/t_r19_c21.jpg test_gt_tiles/t_r19_c21.png
test_data_tiles/t_r19_c22.jpg test_gt_tiles/t_r19_c22.png
test_data_tiles/t_r20_c00.jpg test_gt_tiles/t_r20_c00.png
test_data_tiles/t_r20_c01.jpg test_gt_tiles/t_r20_c01.png
test_data_tiles/t_r20_c02.jpg test_gt_tiles/t_r20_c02.png
test_data_tiles/t_r20_c03.jpg test_gt_tiles/t_r20_c03.png
test_data_tiles/t_r20_c04.jpg test_gt_tiles/t_r20_c04.png
test_data_tiles/t_r20_c05.jpg test_gt_tiles/t_r20_c05.png
test_data_tiles/t_r20_c06.jpg test_gt_tiles/t_r20_c06.png
test_data_tiles/t_r20_c07.jpg test_gt_tiles/t_r20_c07.png
test_data_tiles/t_r20_c08.jpg test_gt_tiles/t_r20_c08.png
test_data_tiles/t_r20_c09.jpg test_gt_tiles/t_r20_c09.png
test_data_tiles/t_r20_c10.jpg test_gt_tiles/t_r20_c10.png
test_data_tiles/t_r20_c11.jpg test_gt_tiles/t_r20_c11.png
test_data_tiles/t_r20_c12.jpg test_gt_tiles/t_r20_c12.png
test_data_tiles/t_r20_c13.jpg test_gt_tiles/t_r20_c13.png
test_data_tiles/t_r20_c14.jpg test_gt_tiles/t_r20_c14.png
test_data_tiles/t_r20_c15.jpg test_gt_tiles/t_r20_c15.png
test_data_tiles/t_r20_c16.jpg test_gt_tiles/t_r20_c16.png
test_data_tiles/t_r20_c17.jpg test_gt_tiles/t_r20_c17.png
test_data_tiles/t_r20_c18.jpg test_gt_tiles/t_r20_c18.png
test_data_tiles/t_r20_c19.jpg test_gt_tiles/t_r20_c19.png
test_data_tiles/t_r20_c20.jpg test_gt_tiles/t_r20_c20.png
test_data_tiles/t_r20_c21.jpg test_gt_tiles/t_r20_c21.png
test_data_tiles/t_r20_c22.jpg test_gt_tiles/t_r20_c22.png
test_data_tiles/t_r21_c00.jpg test_gt_tiles/t_r21_c00.png
test_data_tiles/t_r21_c01.jpg test_gt_tiles/t_r21_c01.png
test_data_tiles/t_r21_c02.jpg test_gt_tiles/t_r21_c02.png
test_data_tiles/t_r21_c03.jpg test_gt_tiles/t_r21_c03.png
test_data_tiles/t_r21_c04.jpg test_gt_tiles/t_r21_c04.png
test_data_tiles/t_r21_c05.jpg test_gt_tiles/t_r21_c05.png
test_data_tiles/t_r21_c06.jpg test_gt_tiles/t_r21_c06.png
test_data_tiles/t_r21_c07.jpg test_gt_tiles/t_r21_c07.png
test_data_tiles/t_r21_c08.jpg test_gt_tiles/t_r21_c08.png
test_data_tiles/t_r21_c09.jpg test_gt_tiles/t_r21_c09.png
test_data_tiles/t_r21_c10.jpg test_gt_tiles/t_r21_c10.png
test_data_tiles/t_r21_c11.jpg test_gt_tiles/t_r21_c11.png
test_data_tiles/t_r21_c12.jpg test_gt_tiles/t_r21_c12.png
test_data_tiles/t_r21_c13.jpg test_gt_tiles/t_r21_c13.png
test_data_tiles/t_r21_c14.jpg test_gt_tiles/t_r21_c14.png
test_data_tiles/t_r21_c15.jpg test_gt_tiles/t_r21_c15.png
test_data_tiles/t_r21_c16.jpg test_gt_tiles/t_r21_c16.png
test_data_tiles/t_r21_c17.jpg test_gt_tiles/t_r21_c17.png
test_data_tiles/t_r21_c18.jpg test_gt_tiles/t_r21_c18.png
test_data_tiles/t_r21_c19.jpg test_gt_tiles/t_r21_c19.png
test_data_tiles/t_r21_c20.jpg test_gt_tiles/t_r21_c20.png
test_data_tiles/t_r21_c21.jpg test_gt_tiles/t_r21_c21.png
test_data_tiles/t_r21_c22.jpg test_gt_tiles/t_r21_c22.png
test_data_tiles/t_r22_c00.jpg test_gt_tiles/t_r22_c00.png
test_data_tiles/t_r22_c01.jpg test_gt_tiles/t_r22_c01.png
test_data_tiles/t_r22_c02.jpg test_gt_tiles/t_r22_c02.png
test_data_tiles/t_r22_c03.jpg test_gt_tiles/t_r22_c03.png
test_data_tiles/t_r22_c04.jpg test_gt_tiles/t_r22_c04.png
test_data_tiles/t_r22_c05.jpg test_gt_tiles/t_r22_c05.png
test_data_tiles/t_r22_c06.jpg test_gt_tiles/t_r22_c06.png
test_data_tiles/t_r22_c07.jpg test_gt_tiles/t_r22_c07.png
test_data_tiles/t_r22_c08.jpg test_gt_tiles/t_r22_c08.png
test_data_tiles/t_r22_c09.jpg test_gt_tiles/t_r22_c09.png
test_data_tiles/t_r22_c10.jpg test_gt_tiles/t_r22_c10.png
test_data_tiles/t_r22_c11.jpg test_gt_tiles/t_r22_c11.png
test_data_tiles/t_r22_c12.jpg test_gt_tiles/t_r22_c12.png
test_data_tiles/t_r22_c13.jpg test_gt_tiles/t_r22_c13.png
test_data_tiles/t_r22_c14.jpg test_gt_tiles/t_r22_c14.png
test_data_tiles/t_r22_c15.jpg test_gt_tiles/t_r22_c15.png
test_data_tiles/t_r22_c16.jpg test_gt_tiles/t_r22_c16.png
test_data_tiles/t_r22_c17.jpg test_gt_tiles/t_r22_c17.png
test_data_tiles/t_r22_c18.jpg test_gt_tiles/t_r22_c18.png
test_data_tiles/t_r22_c19.jpg test_gt_tiles/t_r22_c19.png
test_data_tiles/t_r22_c20.jpg test_gt_tiles/t_r22_c20.png
test_data_tiles/t_r22_c21.jpg test_gt_tiles/t_r22_c21.png
test_data_tiles/t_r22_c22.jpg test_gt_tiles/t_r22_c22.png
test_data_tiles/t_r23_c00.jpg test_gt_tiles/t_r23_c00.png
test_data_tiles/t_r23_c01.jpg test_gt_tiles/t_r23_c01.png
test_data_tiles/t_r23_c02.jpg test_gt_tiles/t_r23_c02.png
test_data_tiles/t_r23_c03.jpg test_gt_tiles/t_r23_c03.png
test_data_tiles/t_r23_c04.jpg test_gt_tiles/t_r23_c04.png
test_data_tiles/t_r23_c05.jpg test_gt_tiles/t_r23_c05.png
test_data_tiles/t_r23_c06.jpg test_gt_tiles/t_r23_c06.png
test_data_tiles/t_r23_c07.jpg test_gt_tiles/t_r23_c07.png
test_data_tiles/t_r23_c08.jpg test_gt_tiles/t_r23_c08.png
test_data_tiles/t_r23_c09.jpg test_gt_tiles/t_r23_c09.png
test_data_tiles/t_r23_c10.jpg test_gt_tiles/t_r23_c10.png
test_data_tiles/t_r23_c11.jpg test_gt_tiles/t_r23_c11.png
test_data_tiles/t_r23_c12.jpg test_gt_tiles/t_r23_c12.png
test_data_tiles/t_r23_c13.jpg test_gt_tiles/t_r23_c13.png
test_data_tiles/t_r23_c14.jpg test_gt_tiles/t_r23_c14.png
test_data_tiles/t_r23_c15.jpg test_gt_tiles/t_r23_c15.png
test_data_tiles/t_r23_c16.jpg test_gt_tiles/t_r23_c16.png
test_data_tiles/t_r23_c17.jpg test_gt_tiles/t_r23_c17.png
test_data_tiles/t_r23_c18.jpg test_gt_tiles/t_r23_c18.png
test_data_tiles/t_r23_c19.jpg test_gt_tiles/t_r23_c19.png
test_data_tiles/t_r23_c20.jpg test_gt_tiles/t_r23_c20.png
test_data_tiles/t_r23_c21.jpg test_gt_tiles/t_r23_c21.png
test_data_tiles/t_r23_c22.jpg test_gt_tiles/t_r23_c22.png
test_data_tiles/t_r24_c00.jpg test_gt_tiles/t_r24_c00.png
test_data_tiles/t_r24_c01.jpg test_gt_tiles/t_r24_c01.png
test_data_tiles/t_r24_c02.jpg test_gt_tiles/t_r24_c02.png
test_data_tiles/t_r24_c03.jpg test_gt_tiles/t_r24_c03.png
test_data_tiles/t_r24_c04.jpg test_gt_tiles/t_r24_c04.png
test_data_tiles/t_r24_c05.jpg test_gt_tiles/t_r24_c05.png
test_data_tiles/t_r24_c06.jpg test_gt_tiles/t_r24_c06.png
test_data_tiles/t_r24_c07.jpg test_gt_tiles/t_r24_c07.png
test_data_tiles/t_r24_c08.jpg test_gt_tiles/t_r24_c08.png
test_data_tiles/t_r24_c09.jpg test_gt_tiles/t_r24_c09.png
test_data_tiles/t_r24_c10.jpg test_gt_tiles/t_r24_c10.png
test_data_tiles/t_r24_c11.jpg test_gt_tiles/t_r24_c11.png
test_data_tiles/t_r24_c12.jpg test_gt_tiles/t_r24_c12.png
test_data_tiles/t_r24_c13.jpg test_gt_tiles/t_r24_c13.png
test_data_tiles/t_r24_c14.jpg test_gt_tiles/t_r24_c14.png
test_data_tiles/t_r24_c15.jpg test_gt_tiles/t_r24_c15.png
test_data_tiles/t_r24_c16.jpg test_gt_tiles/t_r24_c16.png
test_data_tiles/t_r24_c17.jpg test_gt_tiles/t_r24_c17.png
test_data_tiles/t_r24_c18.jpg test_gt_tiles/t_r24_c18.png
test_data_tiles/t_r24_c19.jpg test_gt_tiles/t_r24_c19.png
test_data_tiles/t_r24_c20.jpg test_gt_tiles/t_r24_c20.png
test_data_tiles/t_r24_c21.jpg test_gt_tiles/t_r24_c21.png
test_data_tiles/t_r24_c22.jpg test_gt_tiles/t_r24_c22.png
